// Jest Snapshot v1, https://goo.gl/fbAQLP

exports[`Su√≠te de Testes para o componente App O componente deve estar com a estrutura definida corretamente 1`] = `
<View
  style={
    {
      "alignItems": "center",
      "backgroundColor": "#000",
      "flex": 1,
      "justifyContent": "flex-start",
    }
  }
>
  <Text
    id="title"
    style={
      {
        "alignSelf": "center",
        "color": "#fff",
        "fontSize": 30,
        "fontWeight": "bold",
        "marginTop": 10,
      }
    }
  >
    This is my first app
  </Text>
  <View
    style={
      {
        "flex": 1,
        "paddingTop": 28,
      }
    }
  >
    <Image
      source={1}
      style={
        {
          "borderRadius": 18,
          "height": 380,
          "width": 320,
        }
      }
    />
  </View>
  <View
    style={
      {
        "alignItems": "center",
        "flex": 0.3333333333333333,
        "justifyContent": "flex-end",
      }
    }
  >
    <View
      style={
        {
          "alignItems": "center",
          "height": 58,
          "justifyContent": "center",
          "marginHorizontal": 20,
          "padding": 3,
          "width": 220,
        }
      }
    >
      <View
        accessibilityState={
          {
            "busy": undefined,
            "checked": undefined,
            "disabled": undefined,
            "expanded": undefined,
            "selected": undefined,
          }
        }
        accessibilityValue={
          {
            "max": undefined,
            "min": undefined,
            "now": undefined,
            "text": undefined,
          }
        }
        accessible={true}
        collapsable={false}
        focusable={true}
        onBlur={[Function]}
        onClick={[Function]}
        onFocus={[Function]}
        onResponderGrant={[Function]}
        onResponderMove={[Function]}
        onResponderRelease={[Function]}
        onResponderTerminate={[Function]}
        onResponderTerminationRequest={[Function]}
        onStartShouldSetResponder={[Function]}
        style={
          {
            "alignItems": "center",
            "backgroundColor": "#555",
            "borderRadius": 10,
            "flexDirection": "row",
            "height": "100%",
            "justifyContent": "center",
            "width": "100%",
          }
        }
      >
        <Text
          style={
            {
              "color": "#fff",
              "fontSize": 16,
            }
          }
        >
          Escolha uma foto
        </Text>
      </View>
    </View>
    <View
      style={
        {
          "alignItems": "center",
          "height": 58,
          "justifyContent": "center",
          "marginHorizontal": 20,
          "padding": 3,
          "width": 220,
        }
      }
    >
      <View
        accessibilityState={
          {
            "busy": undefined,
            "checked": undefined,
            "disabled": undefined,
            "expanded": undefined,
            "selected": undefined,
          }
        }
        accessibilityValue={
          {
            "max": undefined,
            "min": undefined,
            "now": undefined,
            "text": undefined,
          }
        }
        accessible={true}
        collapsable={false}
        focusable={true}
        onBlur={[Function]}
        onClick={[Function]}
        onFocus={[Function]}
        onResponderGrant={[Function]}
        onResponderMove={[Function]}
        onResponderRelease={[Function]}
        onResponderTerminate={[Function]}
        onResponderTerminationRequest={[Function]}
        onStartShouldSetResponder={[Function]}
        style={
          {
            "alignItems": "center",
            "backgroundColor": "#555",
            "borderRadius": 10,
            "flexDirection": "row",
            "height": "100%",
            "justifyContent": "center",
            "width": "100%",
          }
        }
      >
        <Text
          style={
            {
              "color": "#fff",
              "fontSize": 16,
            }
          }
        >
          Use essa foto
        </Text>
      </View>
    </View>
  </View>
</View>
`;
